<area shape="rect" href="$classAdministraceDatabaze.html" title="AdministraceDatabaze" alt="" coords="177,6,329,30">
<area shape="rect" href="$classDataStorage.html" title="DataStorage" alt="" coords="207,54,300,78">
<area shape="rect" href="$classDynamicCyklObsah.html" title="DynamicCyklObsah" alt="" coords="185,102,321,126">
<area shape="rect" href="$classDynamicEshopMenu.html" title="DynamicEshopMenu" alt="" coords="183,150,324,174">
<area shape="rect" href="$classDynamicForm.html" title="DynamicForm" alt="" coords="203,198,304,222">
<area shape="rect" href="$classDynamicGallery.html" title="DynamicGallery" alt="" coords="197,246,309,270">
<area shape="rect" href="$classDynamicGtkModule.html" title="DynamicGtkModule" alt="" coords="185,294,321,318">
<area shape="rect" href="$classDynamicHtaccess.html" title="DynamicHtaccess" alt="" coords="189,342,317,366">
<area shape="rect" href="$classDynamicLanguage.html" title="DynamicLanguage" alt="" coords="189,390,317,414">
<area shape="rect" href="$classDynamicLanguageCyklObsah.html" title="DynamicLanguageCyklObsah" alt="" coords="157,438,349,462">
<area shape="rect" href="$classDynamicLanguageObsah.html" title="DynamicLanguageObsah" alt="" coords="171,486,336,510">
<area shape="rect" href="$classDynamicMenu.html" title="DynamicMenu" alt="" coords="201,534,305,558">
<area shape="rect" href="$classDynamicMenuWithoutGroup.html" title="DynamicMenuWithoutGroup" alt="" coords="161,582,345,606">
<area shape="rect" href="$classDynamicObsah.html" title="DynamicObsah" alt="" coords="199,630,308,654">
<area shape="rect" href="$classDynamicObsahEshop.html" title="DynamicObsahEshop" alt="" coords="180,678,327,702">
<area shape="rect" href="$classDynamicPictureGallery.html" title="DynamicPictureGallery" alt="" coords="176,726,331,750">
<area shape="rect" href="$classDynamicTable.html" title="DynamicTable" alt="" coords="201,774,305,798">
<area shape="rect" href="$classFunkce.html" title="Funkce" alt="" coords="221,822,285,846">
<area shape="rect" href="$classPrepinaniPodleSekci.html" title="PrepinaniPodleSekci" alt="" coords="183,870,324,894">
